19:30:56.306 [BOOT] startup
19:30:56.365 [BOOT] main() START
19:30:56.431 [UI] WM_SIZE #1 START
19:30:56.431 [UI] layout() #1 START
19:30:56.432 [UI] layout() #1 END duration=0s
19:30:56.432 [UI] WM_SIZE #1 END duration=0s
19:30:56.447 [UI] WM_SIZE #2 START
19:30:56.447 [UI] layout() #2 START
19:30:56.447 [UI] layout() #2 END duration=0s
19:30:56.447 [UI] WM_SIZE #2 END duration=0s
19:30:56.643 [UI] WM_SIZE #3 START
19:30:56.643 [UI] WM_SIZE #3 END duration=0s
19:30:56.647 [UI] WM_SIZE #4 START
19:30:56.647 [UI] WM_SIZE #4 END duration=0s
19:30:56.650 [UI] WM_SIZE #5 START
19:30:56.650 [UI] WM_SIZE #5 END duration=0s
19:30:56.652 [UI] WM_SIZE #6 START
19:30:56.653 [UI] WM_SIZE #6 END duration=1ms
19:30:56.656 [UI] WM_SIZE #7 START
19:30:56.656 [UI] WM_SIZE #7 END duration=0s
19:30:56.703 [UI] WM_COMMAND #1 id=1711 notify=1024
19:30:56.703 [UI] WM_COMMAND #2 id=1711 notify=768
19:30:56.720 [UI] WM_COMMAND #3 id=1721 notify=1024
19:30:56.720 [UI] WM_COMMAND #4 id=1721 notify=768
19:30:56.724 [UI] WM_COMMAND #5 id=1712 notify=1024
19:30:56.724 [UI] WM_COMMAND #6 id=1712 notify=768
19:30:56.727 [UI] WM_COMMAND #7 id=1713 notify=1024
19:30:56.727 [UI] WM_COMMAND #8 id=1713 notify=768
19:30:56.896 [UI] WM_COMMAND #9 id=2302 notify=1024
19:30:56.896 [UI] WM_COMMAND #10 id=2302 notify=768
19:30:57.140 [UI] layout() #3 START
19:30:57.163 [UI] WM_SIZE #8 START
19:30:57.164 [UI] WM_SIZE #8 END duration=0s
19:30:57.211 [UI] WM_SIZE #9 START
19:30:57.211 [UI] WM_SIZE #9 END duration=0s
19:30:57.213 [UI] WM_SIZE #10 START
19:30:57.213 [UI] WM_SIZE #10 END duration=0s
19:30:57.214 [UI] WM_SIZE #11 START
19:30:57.214 [UI] WM_SIZE #11 END duration=0s
19:30:57.215 [UI] WM_SIZE #12 START
19:30:57.215 [UI] WM_SIZE #12 END duration=0s
19:30:57.219 [UI] layout() #3 END duration=79ms
19:30:57.220 [UI] WM_PAINT #1 main START
19:30:57.220 [UI] WM_PAINT #1 main END duration=0s
19:30:57.262 [UI] WM_PAINT #2 palette START
19:30:57.262 [UI] WM_PAINT #2 palette END duration=0s
19:30:57.263 [UI] WM_PAINT #3 palette START
19:30:57.263 [UI] WM_PAINT #3 palette END duration=0s
19:30:57.263 [UI] WM_PAINT #4 palette START
19:30:57.264 [UI] WM_PAINT #4 palette END duration=0s
19:30:57.264 [UI] WM_PAINT #5 canvas START
19:30:57.264 [UI] canvasPaint() START
19:30:57.264 [UI] canvasPaint() END duration=0s
19:30:57.264 [UI] WM_PAINT #5 canvas END duration=0s
19:30:57.264 [BOOT] enter message loop
19:30:57.264 [DISPATCH] START #1 hwnd=0xE906A0 class=PLMStudioWindowClass03 id=457536 msg=0x031F(0x31f) w=0x1 l=0x0
19:30:57.264 [DISPATCH] END #1 hwnd=0xE906A0 class=PLMStudioWindowClass03 id=457536 msg=0x031F(0x31f) w=0x1 l=0x0
19:30:57.264 [DISPATCH] START #2 hwnd=0xE906A0 class=PLMStudioWindowClass03 id=457536 msg=0xC153(0xc153) w=0x0 l=0x0
19:30:57.264 [DISPATCH] END #2 hwnd=0xE906A0 class=PLMStudioWindowClass03 id=457536 msg=0xC153(0xc153) w=0x0 l=0x0
19:30:57.264 [DISPATCH] START #3 hwnd=0x450C78 class=ComboLBox id=1000 msg=WM_SIZE(0x5) w=0x0 l=0x0
19:30:57.264 [DISPATCH] END #3 hwnd=0x450C78 class=ComboLBox id=1000 msg=WM_SIZE(0x5) w=0x0 l=0x0
19:30:57.264 [DISPATCH] START #4 hwnd=0x1C1222 class=ComboLBox id=1000 msg=WM_SIZE(0x5) w=0x0 l=0x0
19:30:57.264 [DISPATCH] END #4 hwnd=0x1C1222 class=ComboLBox id=1000 msg=WM_SIZE(0x5) w=0x0 l=0x0
19:30:57.264 [DISPATCH] START #5 hwnd=0x280F6A class=ComboLBox id=1000 msg=WM_SIZE(0x5) w=0x0 l=0x0
19:30:57.264 [DISPATCH] END #5 hwnd=0x280F6A class=ComboLBox id=1000 msg=WM_SIZE(0x5) w=0x0 l=0x0
19:30:57.264 [DISPATCH] START #6 hwnd=0x740DE4 class=ComboLBox id=1000 msg=WM_SIZE(0x5) w=0x0 l=0x0
19:30:57.264 [DISPATCH] END #6 hwnd=0x740DE4 class=ComboLBox id=1000 msg=WM_SIZE(0x5) w=0x0 l=0x0
19:30:57.264 [DISPATCH] START #7 hwnd=0x530A78 class=ComboLBox id=1000 msg=WM_SIZE(0x5) w=0x0 l=0x0
19:30:57.264 [DISPATCH] END #7 hwnd=0x530A78 class=ComboLBox id=1000 msg=WM_SIZE(0x5) w=0x0 l=0x0
19:30:57.264 [DISPATCH] START #8 hwnd=0xE906A0 class=PLMStudioWindowClass03 id=457536 msg=0x8003(0x8003) w=0x0 l=0x0
19:30:57.265 [TREE] rebuild completed in 1ms nodes=0
19:30:57.265 [TREE] deferred refresh filter=__all__ maps=0 mapNodes=0
19:30:57.265 [DISPATCH] END #8 hwnd=0xE906A0 class=PLMStudioWindowClass03 id=457536 msg=0x8003(0x8003) w=0x0 l=0x0
19:30:57.265 [DISPATCH] START #9 hwnd=0x800930 class=ComboLBox id=1000 msg=WM_SIZE(0x5) w=0x0 l=0x0
19:30:57.265 [DISPATCH] END #9 hwnd=0x800930 class=ComboLBox id=1000 msg=WM_SIZE(0x5) w=0x0 l=0x0
19:30:57.265 [DISPATCH] START #10 hwnd=0x1370D68 class=ComboLBox id=1000 msg=WM_SIZE(0x5) w=0x0 l=0x0
19:30:57.265 [DISPATCH] END #10 hwnd=0x1370D68 class=ComboLBox id=1000 msg=WM_SIZE(0x5) w=0x0 l=0x0
19:30:57.265 [DISPATCH] START #11 hwnd=0x1710DA class=ComboLBox id=1000 msg=WM_SIZE(0x5) w=0x0 l=0x0
19:30:57.265 [DISPATCH] END #11 hwnd=0x1710DA class=ComboLBox id=1000 msg=WM_SIZE(0x5) w=0x0 l=0x0
19:30:57.265 [DISPATCH] START #12 hwnd=0x1D11FC class=ComboLBox id=1000 msg=WM_SIZE(0x5) w=0x0 l=0x0
19:30:57.265 [DISPATCH] END #12 hwnd=0x1D11FC class=ComboLBox id=1000 msg=WM_SIZE(0x5) w=0x0 l=0x0
19:30:57.265 [DISPATCH] START #13 hwnd=0x16B0D92 class=ComboLBox id=1000 msg=WM_SIZE(0x5) w=0x0 l=0x0
19:30:57.265 [DISPATCH] END #13 hwnd=0x16B0D92 class=ComboLBox id=1000 msg=WM_SIZE(0x5) w=0x0 l=0x0
19:30:57.265 [DISPATCH] START #14 hwnd=0xAF105C class=ComboLBox id=1000 msg=WM_SIZE(0x5) w=0x0 l=0x0
19:30:57.265 [DISPATCH] END #14 hwnd=0xAF105C class=ComboLBox id=1000 msg=WM_SIZE(0x5) w=0x0 l=0x0
19:30:57.265 [DISPATCH] START #15 hwnd=0x320A6E class=ComboLBox id=1000 msg=WM_SIZE(0x5) w=0x0 l=0x0
19:30:57.265 [DISPATCH] END #15 hwnd=0x320A6E class=ComboLBox id=1000 msg=WM_SIZE(0x5) w=0x0 l=0x0
19:30:57.265 [DISPATCH] START #16 hwnd=0xBA0E18 class=ComboLBox id=1000 msg=WM_SIZE(0x5) w=0x0 l=0x0
19:30:57.265 [DISPATCH] END #16 hwnd=0xBA0E18 class=ComboLBox id=1000 msg=WM_SIZE(0x5) w=0x0 l=0x0
19:30:57.265 [DISPATCH] START #17 hwnd=0x250F60 class=ComboLBox id=1000 msg=WM_SIZE(0x5) w=0x0 l=0x0
19:30:57.265 [DISPATCH] END #17 hwnd=0x250F60 class=ComboLBox id=1000 msg=WM_SIZE(0x5) w=0x0 l=0x0
19:30:57.265 [DISPATCH] START #18 hwnd=0x1A11BE class=ComboLBox id=1000 msg=WM_SIZE(0x5) w=0x0 l=0x0
19:30:57.265 [DISPATCH] END #18 hwnd=0x1A11BE class=ComboLBox id=1000 msg=WM_SIZE(0x5) w=0x0 l=0x0
19:30:57.266 [DISPATCH] START #19 hwnd=0xAB0D9C class=ComboLBox id=1000 msg=WM_SIZE(0x5) w=0x0 l=0x0
19:30:57.266 [DISPATCH] END #19 hwnd=0xAB0D9C class=ComboLBox id=1000 msg=WM_SIZE(0x5) w=0x0 l=0x0
19:30:57.266 [DISPATCH] START #20 hwnd=0x65110C class=ListBox id=6101 msg=WM_SIZE(0x5) w=0x0 l=0x0
19:30:57.266 [DISPATCH] END #20 hwnd=0x65110C class=ListBox id=6101 msg=WM_SIZE(0x5) w=0x0 l=0x0
19:30:57.266 [DISPATCH] START #21 hwnd=0x1B09E4 class=ComboLBox id=1000 msg=WM_SIZE(0x5) w=0x0 l=0x0
19:30:57.266 [DISPATCH] END #21 hwnd=0x1B09E4 class=ComboLBox id=1000 msg=WM_SIZE(0x5) w=0x0 l=0x0
19:30:57.266 [DISPATCH] START #22 hwnd=0x460FE8 class=ComboLBox id=1000 msg=WM_SIZE(0x5) w=0x0 l=0x0
19:30:57.266 [DISPATCH] END #22 hwnd=0x460FE8 class=ComboLBox id=1000 msg=WM_SIZE(0x5) w=0x0 l=0x0
19:30:57.266 [DISPATCH] START #23 hwnd=0x8B0E9C class=ComboLBox id=1000 msg=WM_SIZE(0x5) w=0x0 l=0x0
19:30:57.266 [DISPATCH] END #23 hwnd=0x8B0E9C class=ComboLBox id=1000 msg=WM_SIZE(0x5) w=0x0 l=0x0
19:30:57.266 [DISPATCH] START #24 hwnd=0x980EC0 class=ComboLBox id=1000 msg=WM_SIZE(0x5) w=0x0 l=0x0
19:30:57.266 [DISPATCH] END #24 hwnd=0x980EC0 class=ComboLBox id=1000 msg=WM_SIZE(0x5) w=0x0 l=0x0
19:30:57.266 [DISPATCH] START #25 hwnd=0x230A00 class=ComboLBox id=1000 msg=WM_SIZE(0x5) w=0x0 l=0x0
19:30:57.266 [DISPATCH] END #25 hwnd=0x230A00 class=ComboLBox id=1000 msg=WM_SIZE(0x5) w=0x0 l=0x0
19:30:57.266 [DISPATCH] START #26 hwnd=0x100FBC class=ComboLBox id=1000 msg=WM_SIZE(0x5) w=0x0 l=0x0
19:30:57.266 [DISPATCH] END #26 hwnd=0x100FBC class=ComboLBox id=1000 msg=WM_SIZE(0x5) w=0x0 l=0x0
19:30:57.266 [DISPATCH] START #27 hwnd=0x390738 class=ComboLBox id=1000 msg=WM_SIZE(0x5) w=0x0 l=0x0
19:30:57.266 [DISPATCH] END #27 hwnd=0x390738 class=ComboLBox id=1000 msg=WM_SIZE(0x5) w=0x0 l=0x0
19:30:57.267 [DISPATCH] START #28 hwnd=0xE906A0 class=PLMStudioWindowClass03 id=457536 msg=0x00A0(0xa0) w=0x2 l=0xbb0663
19:30:57.267 [DISPATCH] END #28 hwnd=0xE906A0 class=PLMStudioWindowClass03 id=457536 msg=0x00A0(0xa0) w=0x2 l=0xbb0663
19:30:57.267 [DISPATCH] START #29 hwnd=0xE508C6 class=UserAdapterWindowClass id=0 msg=0x0060(0x60) w=0x6 l=0x0
19:30:57.267 [DISPATCH] END #29 hwnd=0xE508C6 class=UserAdapterWindowClass id=0 msg=0x0060(0x60) w=0x6 l=0x0
19:30:57.268 [DISPATCH] START #31 hwnd=0xE508C6 class=UserAdapterWindowClass id=0 msg=0x0060(0x60) w=0x1 l=0x0
19:30:57.268 [DISPATCH] END #31 hwnd=0xE508C6 class=UserAdapterWindowClass id=0 msg=0x0060(0x60) w=0x1 l=0x0
19:30:57.268 [DISPATCH] START #32 hwnd=0 msg=0x0113(0x113) w=0x2eb0 l=0x7ff899734990
19:30:57.268 [DISPATCH] END #32 hwnd=0 msg=0x0113(0x113) w=0x2eb0 l=0x7ff899734990
19:30:57.268 [DISPATCH] START #33 hwnd=0x5106F8 class=MSCTFIME UI id=0 msg=0x0113(0x113) w=0x1 l=0x0
19:30:57.268 [DISPATCH] END #33 hwnd=0x5106F8 class=MSCTFIME UI id=0 msg=0x0113(0x113) w=0x1 l=0x0
19:30:57.268 [DISPATCH] START #34 hwnd=0xE508C6 class=UserAdapterWindowClass id=0 msg=0x0060(0x60) w=0x1 l=0x0
19:30:57.268 [DISPATCH] END #34 hwnd=0xE508C6 class=UserAdapterWindowClass id=0 msg=0x0060(0x60) w=0x1 l=0x0
19:30:57.269 [DISPATCH] START #35 hwnd=0xE906A0 class=PLMStudioWindowClass03 id=457536 msg=0x00A0(0xa0) w=0x5 l=0xbb0663
19:30:57.269 [DISPATCH] END #35 hwnd=0xE906A0 class=PLMStudioWindowClass03 id=457536 msg=0x00A0(0xa0) w=0x5 l=0xbb0663
19:30:57.271 [DISPATCH] START #36 hwnd=0xE906A0 class=PLMStudioWindowClass03 id=457536 msg=0x00A0(0xa0) w=0x5 l=0xbc0664
19:30:57.271 [DISPATCH] END #36 hwnd=0xE906A0 class=PLMStudioWindowClass03 id=457536 msg=0x00A0(0xa0) w=0x5 l=0xbc0664
19:30:57.274 [DISPATCH] START #37 hwnd=0xE906A0 class=PLMStudioWindowClass03 id=457536 msg=0x00A0(0xa0) w=0x5 l=0xbc0665
19:30:57.274 [DISPATCH] END #37 hwnd=0xE906A0 class=PLMStudioWindowClass03 id=457536 msg=0x00A0(0xa0) w=0x5 l=0xbc0665
19:30:57.276 [DISPATCH] START #38 hwnd=0xE508C6 class=UserAdapterWindowClass id=0 msg=0x0060(0x60) w=0x1 l=0x0
19:30:57.276 [DISPATCH] END #38 hwnd=0xE508C6 class=UserAdapterWindowClass id=0 msg=0x0060(0x60) w=0x1 l=0x0
19:30:57.366 [COUNTERS] 1s paint=5 size=12 layout=3 invalidate=4
19:30:57.366 [WATCHDOG] UI heartbeat request #1
19:30:57.366 [DISPATCH] START #39 hwnd=0xE906A0 class=PLMStudioWindowClass03 id=457536 msg=WM_APP_DIAG_HEARTBEAT(0x80f0) w=0x1 l=0x0
19:30:57.366 [WATCHDOG] UI heartbeat ACK #1
19:30:57.366 [DISPATCH] END #39 hwnd=0xE906A0 class=PLMStudioWindowClass03 id=457536 msg=WM_APP_DIAG_HEARTBEAT(0x80f0) w=0x1 l=0x0
19:30:57.470 [DISPATCH] START #40 hwnd=0xE906A0 class=PLMStudioWindowClass03 id=457536 msg=0x00A0(0xa0) w=0x5 l=0xbb0665
19:30:57.470 [DISPATCH] END #40 hwnd=0xE906A0 class=PLMStudioWindowClass03 id=457536 msg=0x00A0(0xa0) w=0x5 l=0xbb0665
19:30:57.512 [DISPATCH] START #41 hwnd=0xE906A0 class=PLMStudioWindowClass03 id=457536 msg=0x00A0(0xa0) w=0x5 l=0xbb0665
19:30:57.512 [DISPATCH] END #41 hwnd=0xE906A0 class=PLMStudioWindowClass03 id=457536 msg=0x00A0(0xa0) w=0x5 l=0xbb0665
19:30:57.513 [DISPATCH] START #42 hwnd=0xE906A0 class=PLMStudioWindowClass03 id=457536 msg=0x00A0(0xa0) w=0x14 l=0xba0665
19:30:57.513 [DISPATCH] END #42 hwnd=0xE906A0 class=PLMStudioWindowClass03 id=457536 msg=0x00A0(0xa0) w=0x14 l=0xba0665
19:30:57.534 [DISPATCH] START #43 hwnd=0xE906A0 class=PLMStudioWindowClass03 id=457536 msg=0x00A0(0xa0) w=0x14 l=0xb90665
19:30:57.534 [DISPATCH] END #43 hwnd=0xE906A0 class=PLMStudioWindowClass03 id=457536 msg=0x00A0(0xa0) w=0x14 l=0xb90665
19:30:57.555 [DISPATCH] START #44 hwnd=0xE906A0 class=PLMStudioWindowClass03 id=457536 msg=0x00A0(0xa0) w=0x14 l=0xb80665
19:30:57.556 [DISPATCH] END #44 hwnd=0xE906A0 class=PLMStudioWindowClass03 id=457536 msg=0x00A0(0xa0) w=0x14 l=0xb80665
19:30:57.557 [DISPATCH] START #45 hwnd=0xE906A0 class=PLMStudioWindowClass03 id=457536 msg=0x00A0(0xa0) w=0x14 l=0xb80665
19:30:57.557 [DISPATCH] END #45 hwnd=0xE906A0 class=PLMStudioWindowClass03 id=457536 msg=0x00A0(0xa0) w=0x14 l=0xb80665
19:30:57.563 [DISPATCH] START #46 hwnd=0xE906A0 class=PLMStudioWindowClass03 id=457536 msg=0x00A0(0xa0) w=0x14 l=0xb60665
19:30:57.563 [DISPATCH] END #46 hwnd=0xE906A0 class=PLMStudioWindowClass03 id=457536 msg=0x00A0(0xa0) w=0x14 l=0xb60665
19:30:57.569 [DISPATCH] START #47 hwnd=0xE906A0 class=PLMStudioWindowClass03 id=457536 msg=0x00A0(0xa0) w=0x14 l=0xb60665
19:30:57.570 [DISPATCH] END #47 hwnd=0xE906A0 class=PLMStudioWindowClass03 id=457536 msg=0x00A0(0xa0) w=0x14 l=0xb60665
19:30:57.571 [DISPATCH] START #48 hwnd=0xE906A0 class=PLMStudioWindowClass03 id=457536 msg=0x00A0(0xa0) w=0x14 l=0xb50665
19:30:57.571 [DISPATCH] END #48 hwnd=0xE906A0 class=PLMStudioWindowClass03 id=457536 msg=0x00A0(0xa0) w=0x14 l=0xb50665
19:30:57.575 [DISPATCH] START #49 hwnd=0xE906A0 class=PLMStudioWindowClass03 id=457536 msg=0x00A0(0xa0) w=0x14 l=0xb50665
19:30:57.576 [DISPATCH] END #49 hwnd=0xE906A0 class=PLMStudioWindowClass03 id=457536 msg=0x00A0(0xa0) w=0x14 l=0xb50665
19:30:57.576 [DISPATCH] START #50 hwnd=0xE906A0 class=PLMStudioWindowClass03 id=457536 msg=0x8004(0x8004) w=0x0 l=0x0
19:30:57.576 [DISPATCH] END #50 hwnd=0xE906A0 class=PLMStudioWindowClass03 id=457536 msg=0x8004(0x8004) w=0x0 l=0x0
19:30:57.577 [DISPATCH] START #51 hwnd=0xE906A0 class=PLMStudioWindowClass03 id=457536 msg=0x00A0(0xa0) w=0x14 l=0xb40665
19:30:57.577 [DISPATCH] END #51 hwnd=0xE906A0 class=PLMStudioWindowClass03 id=457536 msg=0x00A0(0xa0) w=0x14 l=0xb40665
19:30:57.585 [DISPATCH] START #52 hwnd=0xE906A0 class=PLMStudioWindowClass03 id=457536 msg=0x00A0(0xa0) w=0x14 l=0xb30665
19:30:57.585 [DISPATCH] END #52 hwnd=0xE906A0 class=PLMStudioWindowClass03 id=457536 msg=0x00A0(0xa0) w=0x14 l=0xb30665
19:30:57.591 [DISPATCH] START #53 hwnd=0xE906A0 class=PLMStudioWindowClass03 id=457536 msg=0x00A0(0xa0) w=0x14 l=0xb20665
19:30:57.591 [DISPATCH] END #53 hwnd=0xE906A0 class=PLMStudioWindowClass03 id=457536 msg=0x00A0(0xa0) w=0x14 l=0xb20665
19:30:57.595 [DISPATCH] START #54 hwnd=0xE906A0 class=PLMStudioWindowClass03 id=457536 msg=0x00A0(0xa0) w=0x14 l=0xb10664
19:30:57.595 [DISPATCH] END #54 hwnd=0xE906A0 class=PLMStudioWindowClass03 id=457536 msg=0x00A0(0xa0) w=0x14 l=0xb10664
19:30:57.599 [DISPATCH] START #55 hwnd=0xE906A0 class=PLMStudioWindowClass03 id=457536 msg=0x00A0(0xa0) w=0x14 l=0xb10663
19:30:57.599 [DISPATCH] END #55 hwnd=0xE906A0 class=PLMStudioWindowClass03 id=457536 msg=0x00A0(0xa0) w=0x14 l=0xb10663
19:30:57.602 [DISPATCH] START #56 hwnd=0xE906A0 class=PLMStudioWindowClass03 id=457536 msg=0x00A0(0xa0) w=0x14 l=0xb00663
19:30:57.602 [DISPATCH] END #56 hwnd=0xE906A0 class=PLMStudioWindowClass03 id=457536 msg=0x00A0(0xa0) w=0x14 l=0xb00663
19:30:57.627 [DISPATCH] START #57 hwnd=0xE906A0 class=PLMStudioWindowClass03 id=457536 msg=0x00A0(0xa0) w=0x14 l=0xaf0663
19:30:57.628 [DISPATCH] END #57 hwnd=0xE906A0 class=PLMStudioWindowClass03 id=457536 msg=0x00A0(0xa0) w=0x14 l=0xaf0663
19:30:57.650 [DISPATCH] START #58 hwnd=0xE906A0 class=PLMStudioWindowClass03 id=457536 msg=0x00A0(0xa0) w=0x14 l=0xaf0663
19:30:57.650 [DISPATCH] END #58 hwnd=0xE906A0 class=PLMStudioWindowClass03 id=457536 msg=0x00A0(0xa0) w=0x14 l=0xaf0663
19:30:57.651 [DISPATCH] START #59 hwnd=0xE906A0 class=PLMStudioWindowClass03 id=457536 msg=0x00A0(0xa0) w=0x14 l=0xae0662
19:30:57.651 [DISPATCH] END #59 hwnd=0xE906A0 class=PLMStudioWindowClass03 id=457536 msg=0x00A0(0xa0) w=0x14 l=0xae0662
19:30:57.653 [DISPATCH] START #60 hwnd=0xE906A0 class=PLMStudioWindowClass03 id=457536 msg=0x00A0(0xa0) w=0x14 l=0xae0662
19:30:57.653 [DISPATCH] END #60 hwnd=0xE906A0 class=PLMStudioWindowClass03 id=457536 msg=0x00A0(0xa0) w=0x14 l=0xae0662
19:30:57.748 [DISPATCH] START #61 hwnd=0xE906A0 class=PLMStudioWindowClass03 id=457536 msg=0x00A1(0xa1) w=0x14 l=0xae0662
19:30:58.375 [COUNTERS] 1s paint=0 size=0 layout=0 invalidate=0
19:30:58.375 [WATCHDOG] UI heartbeat request #2
19:30:58.375 [WATCHDOG] UI heartbeat ACK #2
19:30:58.901 [DISPATCH] END #61 hwnd=0xE906A0 class=PLMStudioWindowClass03 id=457536 msg=0x00A1(0xa1) w=0x14 l=0xae0662
19:30:58.901 [BOOT] GetMessageW returned 0 (WM_QUIT)
19:30:58.901 [BOOT] exit message loop
19:30:58.904 [BOOT] diagnostics shutdown
